

================================================================
== Vitis HLS Report for 'cordiccart2pol'
================================================================
* Date:           Fri Dec 13 18:03:05 2024

* Version:        2022.2 (Build 3670227 on Oct 13 2022)
* Project:        cordic_baseline
* Solution:       solution1_baseline (Vivado IP Flow Target)
* Product family: zynq
* Target device:  xc7z020-clg400-1


================================================================
== Performance Estimates
================================================================
+ Timing: 
    * Summary: 
    +--------+----------+----------+------------+
    |  Clock |  Target  | Estimated| Uncertainty|
    +--------+----------+----------+------------+
    |ap_clk  |  10.00 ns|  6.999 ns|     2.70 ns|
    +--------+----------+----------+------------+

+ Latency: 
    * Summary: 
    +---------+---------+----------+----------+-----+-----+---------+
    |  Latency (cycles) |  Latency (absolute) |  Interval | Pipeline|
    |   min   |   max   |    min   |    max   | min | max |   Type  |
    +---------+---------+----------+----------+-----+-----+---------+
    |       67|       67|  0.670 us|  0.670 us|    1|    1|      yes|
    +---------+---------+----------+----------+-----+-----+---------+

    + Detail: 
        * Instance: 
        N/A

        * Loop: 
        N/A



================================================================
== Utilization Estimates
================================================================
* Summary: 
+-----------------+---------+-----+--------+-------+-----+
|       Name      | BRAM_18K| DSP |   FF   |  LUT  | URAM|
+-----------------+---------+-----+--------+-------+-----+
|DSP              |        -|    2|       -|      -|    -|
|Expression       |        -|    -|       0|   5893|    -|
|FIFO             |        -|    -|       -|      -|    -|
|Instance         |        -|    -|       -|      -|    -|
|Memory           |        -|    -|       -|      -|    -|
|Multiplexer      |        -|    -|       -|      -|    -|
|Register         |        -|    -|    2470|    512|    -|
+-----------------+---------+-----+--------+-------+-----+
|Total            |        0|    2|    2470|   6405|    0|
+-----------------+---------+-----+--------+-------+-----+
|Available        |      280|  220|  106400|  53200|    0|
+-----------------+---------+-----+--------+-------+-----+
|Utilization (%)  |        0|   ~0|       2|     12|    0|
+-----------------+---------+-----+--------+-------+-----+

+ Detail: 
    * Instance: 
    +-----------------------------------+--------------------------------+---------+----+---+----+-----+
    |              Instance             |             Module             | BRAM_18K| DSP| FF| LUT| URAM|
    +-----------------------------------+--------------------------------+---------+----+---+----+-----+
    |dsqrt_64ns_64ns_64_57_no_dsp_1_U1  |dsqrt_64ns_64ns_64_57_no_dsp_1  |        0|   0|  0|   0|    0|
    +-----------------------------------+--------------------------------+---------+----+---+----+-----+
    |Total                              |                                |        0|   0|  0|   0|    0|
    +-----------------------------------+--------------------------------+---------+----+---+----+-----+

    * DSP: 
    +----------------------------------+-------------------------------+--------------+
    |             Instance             |             Module            |  Expression  |
    +----------------------------------+-------------------------------+--------------+
    |mac_muladd_16s_16s_32s_33_4_1_U3  |mac_muladd_16s_16s_32s_33_4_1  |  i0 + i1 * i1|
    |mul_mul_16s_16s_32_4_1_U2         |mul_mul_16s_16s_32_4_1         |       i0 * i0|
    +----------------------------------+-------------------------------+--------------+

    * Memory: 
    N/A

    * FIFO: 
    N/A

    * Expression: 
    +----------------------------+----------+----+---+-----+------------+------------+
    |        Variable Name       | Operation| DSP| FF| LUT | Bitwidth P0| Bitwidth P1|
    +----------------------------+----------+----+---+-----+------------+------------+
    |add_ln1063_fu_1417_p2       |         +|   0|  0|   39|          32|           7|
    |add_ln1076_fu_1628_p2       |         +|   0|  0|   11|          11|          11|
    |add_ln1347_10_fu_2111_p2    |         +|   0|  0|   40|          33|          33|
    |add_ln1347_11_fu_2280_p2    |         +|   0|  0|   40|          33|          33|
    |add_ln1347_12_fu_2429_p2    |         +|   0|  0|   40|          33|          33|
    |add_ln1347_13_fu_2561_p2    |         +|   0|  0|   40|          33|          33|
    |add_ln1347_14_fu_2772_p2    |         +|   0|  0|   40|          33|          33|
    |add_ln1347_1_fu_525_p2      |         +|   0|  0|   40|          33|          33|
    |add_ln1347_2_fu_652_p2      |         +|   0|  0|   40|          33|          33|
    |add_ln1347_3_fu_784_p2      |         +|   0|  0|   40|          33|          33|
    |add_ln1347_4_fu_911_p2      |         +|   0|  0|   40|          33|          33|
    |add_ln1347_5_fu_1082_p2     |         +|   0|  0|   40|          33|          33|
    |add_ln1347_6_fu_1344_p2     |         +|   0|  0|   40|          33|          33|
    |add_ln1347_7_fu_1571_p2     |         +|   0|  0|   40|          33|          33|
    |add_ln1347_8_fu_1755_p2     |         +|   0|  0|   40|          33|          33|
    |add_ln1347_9_fu_1901_p2     |         +|   0|  0|   40|          33|          33|
    |add_ln570_fu_3120_p2        |         +|   0|  0|   12|          12|           6|
    |add_ln813_10_fu_2184_p2     |         +|   0|  0|   14|          14|          14|
    |add_ln813_11_fu_2333_p2     |         +|   0|  0|   19|          19|          19|
    |add_ln813_12_fu_2889_p2     |         +|   0|  0|   13|          10|          10|
    |add_ln813_13_fu_2895_p2     |         +|   0|  0|   10|          10|          10|
    |add_ln813_14_fu_2706_p2     |         +|   0|  0|    9|           9|           9|
    |add_ln813_15_fu_2980_p2     |         +|   0|  0|   19|          19|          19|
    |add_ln813_16_fu_2712_p2     |         +|   0|  0|   15|           8|           8|
    |add_ln813_17_fu_3007_p2     |         +|   0|  0|   27|          20|          20|
    |add_ln813_18_fu_2722_p2     |         +|   0|  0|    9|           9|           9|
    |add_ln813_19_fu_2904_p2     |         +|   0|  0|   10|          10|          10|
    |add_ln813_1_fu_2159_p2      |         +|   0|  0|   19|          19|          19|
    |add_ln813_20_fu_2910_p2     |         +|   0|  0|   14|           6|           6|
    |add_ln813_21_fu_2935_p2     |         +|   0|  0|   14|           7|           7|
    |add_ln813_22_fu_2916_p2     |         +|   0|  0|   13|           5|           5|
    |add_ln813_23_fu_2948_p2     |         +|   0|  0|   24|          17|          17|
    |add_ln813_24_fu_2954_p2     |         +|   0|  0|   17|          17|          17|
    |add_ln813_25_fu_2960_p2     |         +|   0|  0|   17|          17|          17|
    |add_ln813_2_fu_1393_p2      |         +|   0|  0|   20|          15|          15|
    |add_ln813_3_fu_1403_p2      |         +|   0|  0|   24|          17|          17|
    |add_ln813_4_fu_2325_p2      |         +|   0|  0|   19|          19|          19|
    |add_ln813_5_fu_2165_p2      |         +|   0|  0|   14|          13|          13|
    |add_ln813_6_fu_2175_p2      |         +|   0|  0|   14|          14|          14|
    |add_ln813_7_fu_1957_p2      |         +|   0|  0|   12|          12|          12|
    |add_ln813_8_fu_1963_p2      |         +|   0|  0|   12|          11|          11|
    |add_ln813_9_fu_1973_p2      |         +|   0|  0|   12|          12|          12|
    |add_ln813_fu_2153_p2        |         +|   0|  0|   19|          19|          19|
    |lsb_index_fu_1124_p2        |         +|   0|  0|   39|          32|           7|
    |m_3_fu_1457_p2              |         +|   0|  0|   71|          64|          64|
    |ret_V_11_fu_1338_p2         |         +|   0|  0|   41|          34|          34|
    |ret_V_13_fu_1565_p2         |         +|   0|  0|   41|          34|          34|
    |ret_V_15_fu_1749_p2         |         +|   0|  0|   41|          34|          34|
    |ret_V_17_fu_1895_p2         |         +|   0|  0|   41|          34|          34|
    |ret_V_19_fu_2105_p2         |         +|   0|  0|   41|          34|          34|
    |ret_V_1_fu_519_p2           |         +|   0|  0|   41|          34|          34|
    |ret_V_21_fu_2274_p2         |         +|   0|  0|   41|          34|          34|
    |ret_V_23_fu_2423_p2         |         +|   0|  0|   41|          34|          34|
    |ret_V_25_fu_2555_p2         |         +|   0|  0|   41|          34|          34|
    |ret_V_27_fu_2766_p2         |         +|   0|  0|   41|          34|          34|
    |ret_V_28_fu_2851_p2         |         +|   0|  0|   41|          34|          34|
    |ret_V_3_fu_646_p2           |         +|   0|  0|   41|          34|          34|
    |ret_V_5_fu_778_p2           |         +|   0|  0|   41|          34|          34|
    |ret_V_7_fu_905_p2           |         +|   0|  0|   41|          34|          34|
    |ret_V_9_fu_1076_p2          |         +|   0|  0|   41|          34|          34|
    |F2_fu_3108_p2               |         -|   0|  0|   12|          11|          12|
    |angle_V_1_fu_2985_p2        |         -|   0|  0|   19|          19|          19|
    |man_V_1_fu_3088_p2          |         -|   0|  0|   61|           1|          54|
    |ret_V_10_fu_1289_p2         |         -|   0|  0|   40|          33|          33|
    |ret_V_12_fu_1516_p2         |         -|   0|  0|   40|          33|          33|
    |ret_V_14_fu_1700_p2         |         -|   0|  0|   40|          33|          33|
    |ret_V_16_fu_1846_p2         |         -|   0|  0|   40|          33|          33|
    |ret_V_18_fu_2056_p2         |         -|   0|  0|   40|          33|          33|
    |ret_V_20_fu_2225_p2         |         -|   0|  0|   40|          33|          33|
    |ret_V_22_fu_2374_p2         |         -|   0|  0|   40|          33|          33|
    |ret_V_24_fu_2506_p2         |         -|   0|  0|   40|          33|          33|
    |ret_V_26_fu_2666_p2         |         -|   0|  0|   40|          33|          33|
    |ret_V_2_fu_601_p2           |         -|   0|  0|   40|          33|          33|
    |ret_V_4_fu_729_p2           |         -|   0|  0|   40|          33|          33|
    |ret_V_6_fu_856_p2           |         -|   0|  0|   40|          33|          33|
    |ret_V_8_fu_1027_p2          |         -|   0|  0|   40|          33|          33|
    |ret_V_fu_488_p2             |         -|   0|  0|   40|          33|          33|
    |sub_ln1049_fu_978_p2        |         -|   0|  0|   39|           6|          32|
    |sub_ln1052_fu_1145_p2       |         -|   0|  0|   14|           5|           6|
    |sub_ln1064_fu_1432_p2       |         -|   0|  0|   39|           6|          32|
    |sub_ln1070_fu_1623_p2       |         -|   0|  0|   11|           3|          11|
    |sub_ln1273_10_fu_1265_p2    |         -|   0|  0|   36|           1|          29|
    |sub_ln1273_11_fu_1306_p2    |         -|   0|  0|   36|           1|          29|
    |sub_ln1273_12_fu_1492_p2    |         -|   0|  0|   35|           1|          28|
    |sub_ln1273_13_fu_1533_p2    |         -|   0|  0|   35|           1|          28|
    |sub_ln1273_14_fu_1676_p2    |         -|   0|  0|   34|           1|          27|
    |sub_ln1273_15_fu_1717_p2    |         -|   0|  0|   34|           1|          27|
    |sub_ln1273_16_fu_1822_p2    |         -|   0|  0|   33|           1|          26|
    |sub_ln1273_17_fu_1863_p2    |         -|   0|  0|   33|           1|          26|
    |sub_ln1273_18_fu_2032_p2    |         -|   0|  0|   32|           1|          25|
    |sub_ln1273_19_fu_2073_p2    |         -|   0|  0|   32|           1|          25|
    |sub_ln1273_1_fu_498_p2      |         -|   0|  0|   41|           1|          34|
    |sub_ln1273_20_fu_2201_p2    |         -|   0|  0|   31|           1|          24|
    |sub_ln1273_21_fu_2242_p2    |         -|   0|  0|   31|           1|          24|
    |sub_ln1273_22_fu_2350_p2    |         -|   0|  0|   30|           1|          23|
    |sub_ln1273_23_fu_2391_p2    |         -|   0|  0|   30|           1|          23|
    |sub_ln1273_24_fu_2482_p2    |         -|   0|  0|   29|           1|          22|
    |sub_ln1273_25_fu_2523_p2    |         -|   0|  0|   29|           1|          22|
    |sub_ln1273_26_fu_2642_p2    |         -|   0|  0|   28|           1|          21|
    |sub_ln1273_27_fu_2683_p2    |         -|   0|  0|   28|           1|          21|
    |sub_ln1273_28_fu_2811_p2    |         -|   0|  0|   27|           1|          20|
    |sub_ln1273_2_fu_581_p2      |         -|   0|  0|   40|           1|          33|
    |sub_ln1273_3_fu_618_p2      |         -|   0|  0|   40|           1|          33|
    |sub_ln1273_4_fu_705_p2      |         -|   0|  0|   39|           1|          32|
    |sub_ln1273_5_fu_746_p2      |         -|   0|  0|   39|           1|          32|
    |sub_ln1273_6_fu_832_p2      |         -|   0|  0|   38|           1|          31|
    |sub_ln1273_7_fu_873_p2      |         -|   0|  0|   38|           1|          31|
    |sub_ln1273_8_fu_1003_p2     |         -|   0|  0|   37|           1|          30|
    |sub_ln1273_9_fu_1044_p2     |         -|   0|  0|   37|           1|          30|
    |sub_ln1273_fu_468_p2        |         -|   0|  0|   40|           1|          33|
    |sub_ln570_fu_3126_p2        |         -|   0|  0|   12|           5|          12|
    |sub_ln813_1_fu_3001_p2      |         -|   0|  0|   27|          19|          20|
    |sub_ln813_2_fu_3020_p2      |         -|   0|  0|   26|           1|          19|
    |x_V_fu_385_p2               |         -|   0|  0|   26|           1|          19|
    |y_V_fu_391_p2               |         -|   0|  0|   27|           1|          20|
    |a_fu_1171_p2                |       and|   0|  0|    2|           1|           1|
    |and_ln1054_fu_1198_p2       |       and|   0|  0|    2|           1|           1|
    |and_ln570_fu_3162_p2        |       and|   0|  0|    2|           1|           1|
    |and_ln571_fu_3203_p2        |       and|   0|  0|    2|           1|           1|
    |p_Result_2_fu_1160_p2       |       and|   0|  0|   33|          33|          33|
    |ashr_ln575_fu_3218_p2       |      ashr|   0|  0|  161|          54|          54|
    |icmp_ln1040_fu_1409_p2      |      icmp|   0|  0|   18|          33|           1|
    |icmp_ln1051_fu_1139_p2      |      icmp|   0|  0|   17|          31|           1|
    |icmp_ln1052_fu_1165_p2      |      icmp|   0|  0|   18|          33|           1|
    |icmp_ln1063_fu_1218_p2      |      icmp|   0|  0|   18|          32|           1|
    |icmp_ln560_fu_3102_p2       |      icmp|   0|  0|   28|          63|           1|
    |icmp_ln570_fu_3114_p2       |      icmp|   0|  0|   12|          12|           5|
    |icmp_ln571_fu_3140_p2       |      icmp|   0|  0|   12|          12|           5|
    |icmp_ln574_fu_3171_p2       |      icmp|   0|  0|   12|          12|           6|
    |icmp_ln592_fu_3176_p2       |      icmp|   0|  0|   12|          12|           5|
    |lshr_ln1052_fu_1154_p2      |      lshr|   0|  0|  104|           2|          33|
    |lshr_ln1063_fu_1426_p2      |      lshr|   0|  0|  182|          64|          64|
    |or_ln1054_fu_1204_p2        |        or|   0|  0|    2|           1|           1|
    |or_ln571_fu_3150_p2         |        or|   0|  0|    2|           1|           1|
    |angle_V_fu_3025_p3          |    select|   0|  0|   19|           1|          19|
    |m_2_fu_1447_p3              |    select|   0|  0|   64|           1|          64|
    |man_V_2_fu_3094_p3          |    select|   0|  0|   54|           1|          54|
    |r                           |    select|   0|  0|   20|           1|           1|
    |r_V_11_fu_752_p3            |    select|   0|  0|   32|           1|          32|
    |r_V_13_fu_838_p3            |    select|   0|  0|   31|           1|          31|
    |r_V_15_fu_879_p3            |    select|   0|  0|   31|           1|          31|
    |r_V_17_fu_1009_p3           |    select|   0|  0|   30|           1|          30|
    |r_V_19_fu_1050_p3           |    select|   0|  0|   30|           1|          30|
    |r_V_1_fu_474_p3             |    select|   0|  0|   33|           1|          33|
    |r_V_21_fu_1271_p3           |    select|   0|  0|   29|           1|          29|
    |r_V_23_fu_1312_p3           |    select|   0|  0|   29|           1|          29|
    |r_V_25_fu_1498_p3           |    select|   0|  0|   28|           1|          28|
    |r_V_27_fu_1539_p3           |    select|   0|  0|   28|           1|          28|
    |r_V_29_fu_1682_p3           |    select|   0|  0|   27|           1|          27|
    |r_V_31_fu_1723_p3           |    select|   0|  0|   27|           1|          27|
    |r_V_33_fu_1828_p3           |    select|   0|  0|   26|           1|          26|
    |r_V_35_fu_1869_p3           |    select|   0|  0|   26|           1|          26|
    |r_V_37_fu_2038_p3           |    select|   0|  0|   25|           1|          25|
    |r_V_39_fu_2079_p3           |    select|   0|  0|   25|           1|          25|
    |r_V_41_fu_2207_p3           |    select|   0|  0|   24|           1|          24|
    |r_V_43_fu_2248_p3           |    select|   0|  0|   24|           1|          24|
    |r_V_45_fu_2356_p3           |    select|   0|  0|   23|           1|          23|
    |r_V_47_fu_2397_p3           |    select|   0|  0|   23|           1|          23|
    |r_V_49_fu_2488_p3           |    select|   0|  0|   22|           1|          22|
    |r_V_4_fu_504_p3             |    select|   0|  0|   34|           1|          34|
    |r_V_51_fu_2529_p3           |    select|   0|  0|   22|           1|          22|
    |r_V_53_fu_2648_p3           |    select|   0|  0|   21|           1|          21|
    |r_V_55_fu_2689_p3           |    select|   0|  0|   21|           1|          21|
    |r_V_57_fu_2817_p3           |    select|   0|  0|   20|           1|          20|
    |r_V_5_fu_587_p3             |    select|   0|  0|   33|           1|          33|
    |r_V_7_fu_624_p3             |    select|   0|  0|   33|           1|          33|
    |r_V_9_fu_711_p3             |    select|   0|  0|   32|           1|          32|
    |select_ln1048_fu_1616_p3    |    select|   0|  0|   10|           1|          10|
    |select_ln570_fu_3249_p3     |    select|   0|  0|   20|           1|          20|
    |select_ln571_fu_3208_p3     |    select|   0|  0|   20|           1|          20|
    |select_ln574_fu_3242_p3     |    select|   0|  0|   20|           1|          20|
    |select_ln577_fu_3234_p3     |    select|   0|  0|    2|           1|           2|
    |select_ln592_fu_3190_p3     |    select|   0|  0|   20|           1|          20|
    |select_ln813_10_fu_1914_p3  |    select|   0|  0|   11|           1|          11|
    |select_ln813_11_fu_2728_p3  |    select|   0|  0|    2|           1|           1|
    |select_ln813_12_fu_2735_p3  |    select|   0|  0|   10|           1|          10|
    |select_ln813_13_fu_2742_p3  |    select|   0|  0|    2|           1|           1|
    |select_ln813_14_fu_2603_p3  |    select|   0|  0|    9|           1|           9|
    |select_ln813_15_fu_2610_p3  |    select|   0|  0|    2|           1|           1|
    |select_ln813_16_fu_2617_p3  |    select|   0|  0|    8|           1|           8|
    |select_ln813_17_fu_2624_p3  |    select|   0|  0|    2|           1|           1|
    |select_ln813_18_fu_2922_p3  |    select|   0|  0|    7|           1|           7|
    |select_ln813_19_fu_2778_p3  |    select|   0|  0|    2|           1|           1|
    |select_ln813_20_fu_2785_p3  |    select|   0|  0|    6|           1|           6|
    |select_ln813_21_fu_2865_p3  |    select|   0|  0|    2|           1|           1|
    |select_ln813_22_fu_2873_p3  |    select|   0|  0|    5|           1|           5|
    |select_ln813_23_fu_2966_p3  |    select|   0|  0|    3|           1|           3|
    |select_ln813_3_fu_1246_p3   |    select|   0|  0|   15|           1|          15|
    |select_ln813_4_fu_2000_p3   |    select|   0|  0|   14|           1|          14|
    |select_ln813_5_fu_2007_p3   |    select|   0|  0|    2|           1|           1|
    |select_ln813_6_fu_2014_p3   |    select|   0|  0|   13|           1|          13|
    |select_ln813_7_fu_1797_p3   |    select|   0|  0|    2|           1|           1|
    |select_ln813_8_fu_1804_p3   |    select|   0|  0|   12|           1|          12|
    |select_ln813_9_fu_1907_p3   |    select|   0|  0|    2|           1|           1|
    |select_ln813_fu_1979_p3     |    select|   0|  0|   19|           1|          19|
    |select_ln85_fu_3013_p3      |    select|   0|  0|   20|           1|          20|
    |select_ln8_1_fu_1993_p3     |    select|   0|  0|   17|           1|          17|
    |select_ln8_2_fu_1231_p3     |    select|   0|  0|   16|           1|          16|
    |select_ln8_3_fu_1350_p3     |    select|   0|  0|    3|           1|           2|
    |select_ln8_fu_1986_p3       |    select|   0|  0|   18|           1|          18|
    |sh_amt_fu_3132_p3           |    select|   0|  0|   12|           1|          12|
    |storemerge167_fu_3035_p3    |    select|   0|  0|   20|           1|          20|
    |temp_fu_1658_p3             |    select|   0|  0|   64|           1|           1|
    |x_temp_V_fu_431_p3          |    select|   0|  0|   16|           1|          16|
    |y_V_1_fu_397_p3             |    select|   0|  0|   20|           1|          20|
    |shl_ln1064_fu_1441_p2       |       shl|   0|  0|  182|          64|          64|
    |shl_ln593_fu_3185_p2        |       shl|   0|  0|   51|          20|          20|
    |xor_ln1054_fu_1185_p2       |       xor|   0|  0|    2|           1|           2|
    |xor_ln560_fu_3198_p2        |       xor|   0|  0|    2|           1|           2|
    |xor_ln571_fu_3156_p2        |       xor|   0|  0|    2|           1|           2|
    +----------------------------+----------+----+---+-----+------------+------------+
    |Total                       |          |   0|  0| 5893|        2597|        4530|
    +----------------------------+----------+----+---+-----+------------+------------+

    * Multiplexer: 
    N/A

    * Register: 
    +------------------------------------+----+----+-----+-----------+
    |                Name                | FF | LUT| Bits| Const Bits|
    +------------------------------------+----+----+-----+-----------+
    |add_ln813_10_reg_3639               |  13|   0|   14|          1|
    |add_ln813_11_reg_3668               |  18|   0|   19|          1|
    |add_ln813_18_reg_3732               |   8|   0|    9|          1|
    |add_ln813_19_reg_3742               |   9|   0|   10|          1|
    |add_ln813_1_reg_3634                |  18|   0|   19|          1|
    |add_ln813_20_reg_3747               |   5|   0|    6|          1|
    |add_ln813_22_reg_3752               |   4|   0|    5|          1|
    |add_ln813_25_reg_3757               |  16|   0|   17|          1|
    |add_ln813_3_reg_3508                |  16|   0|   17|          1|
    |add_ln813_9_reg_3605                |  11|   0|   12|          1|
    |and_ln570_reg_3813                  |   1|   0|    1|          0|
    |and_ln570_reg_3813_pp0_iter66_reg   |   1|   0|    1|          0|
    |angle_V_1_reg_3762                  |  18|   0|   19|          1|
    |d_reg_3774                          |  64|   0|   64|          0|
    |icmp_ln1040_reg_3513                |   1|   0|    1|          0|
    |icmp_ln1063_reg_3479                |   1|   0|    1|          0|
    |icmp_ln560_reg_3789                 |   1|   0|    1|          0|
    |icmp_ln560_reg_3789_pp0_iter66_reg  |   1|   0|    1|          0|
    |icmp_ln571_reg_3802                 |   1|   0|    1|          0|
    |icmp_ln574_reg_3823                 |   1|   0|    1|          0|
    |ireg_reg_3779                       |  64|   0|   64|          0|
    |ireg_reg_3779_pp0_iter66_reg        |  64|   0|   64|          0|
    |m_reg_3518                          |  63|   0|   63|          0|
    |man_V_2_reg_3784                    |  54|   0|   54|          0|
    |man_V_2_reg_3784_pp0_iter66_reg     |  54|   0|   54|          0|
    |or_ln_reg_3474                      |   1|   0|    2|          1|
    |org_x_V_reg_3284                    |  16|   0|   16|          0|
    |p_Result_4_reg_3523                 |   1|   0|    1|          0|
    |r_V_55_reg_3721                     |  17|   0|   21|          4|
    |ret_V_30_reg_3425                   |  33|   0|   33|          0|
    |ret_V_30_reg_3425_pp0_iter5_reg     |  33|   0|   33|          0|
    |ret_V_5_reg_3374                    |  19|   0|   34|         15|
    |ret_V_7_reg_3402                    |  20|   0|   34|         14|
    |ret_V_7_reg_3402_pp0_iter5_reg      |  20|   0|   34|         14|
    |select_ln571_reg_3828               |  20|   0|   20|          0|
    |sext_ln570_reg_3818                 |  32|   0|   32|          0|
    |sh_amt_reg_3795                     |  12|   0|   12|          0|
    |storemerge167_reg_3769              |  19|   0|   20|          1|
    |sub_ln1049_reg_3433                 |  32|   0|   32|          0|
    |sub_ln1049_reg_3433_pp0_iter5_reg   |  32|   0|   32|          0|
    |temp_reg_3552                       |  64|   0|   64|          0|
    |tmp_10_reg_3363                     |  16|   0|   16|          0|
    |tmp_11_reg_3385                     |  16|   0|   16|          0|
    |tmp_12_reg_3295                     |   1|   0|    1|          0|
    |tmp_13_reg_3311                     |   1|   0|    1|          0|
    |tmp_14_reg_3391                     |  16|   0|   16|          0|
    |tmp_15_reg_3413                     |  16|   0|   16|          0|
    |tmp_16_reg_3322                     |   1|   0|    1|          0|
    |tmp_17_reg_3340                     |   1|   0|    1|          0|
    |tmp_18_reg_3419                     |  16|   0|   16|          0|
    |tmp_19_reg_3456                     |  16|   0|   16|          0|
    |tmp_20_reg_3351                     |   1|   0|    1|          0|
    |tmp_21_reg_3369                     |   1|   0|    1|          0|
    |tmp_22_reg_3462                     |  16|   0|   16|          0|
    |tmp_23_reg_3490                     |  16|   0|   16|          0|
    |tmp_24_reg_3379                     |   1|   0|    1|          0|
    |tmp_26_reg_3496                     |  16|   0|   16|          0|
    |tmp_27_reg_3534                     |  16|   0|   16|          0|
    |tmp_28_reg_3407                     |   1|   0|    1|          0|
    |tmp_30_reg_3540                     |  16|   0|   16|          0|
    |tmp_31_reg_3563                     |  16|   0|   16|          0|
    |tmp_32_reg_3450                     |   1|   0|    1|          0|
    |tmp_33_reg_3468                     |   1|   0|    1|          0|
    |tmp_34_reg_3569                     |  16|   0|   16|          0|
    |tmp_35_reg_3587                     |  16|   0|   16|          0|
    |tmp_36_reg_3484                     |   1|   0|    1|          0|
    |tmp_37_reg_3502                     |   1|   0|    1|          0|
    |tmp_38_reg_3593                     |  16|   0|   16|          0|
    |tmp_39_reg_3616                     |  16|   0|   16|          0|
    |tmp_40_reg_3528                     |   1|   0|    1|          0|
    |tmp_41_reg_3546                     |   1|   0|    1|          0|
    |tmp_41_reg_3546_pp0_iter8_reg       |   1|   0|    1|          0|
    |tmp_42_reg_3622                     |  16|   0|   16|          0|
    |tmp_43_reg_3650                     |  16|   0|   16|          0|
    |tmp_44_reg_3557                     |   1|   0|    1|          0|
    |tmp_45_reg_3575                     |   1|   0|    1|          0|
    |tmp_46_reg_3656                     |  16|   0|   16|          0|
    |tmp_47_reg_3679                     |  16|   0|   16|          0|
    |tmp_48_reg_3581                     |   1|   0|    1|          0|
    |tmp_49_reg_3599                     |   1|   0|    1|          0|
    |tmp_4_reg_3306                      |  16|   0|   16|          0|
    |tmp_50_reg_3685                     |  16|   0|   16|          0|
    |tmp_51_reg_3703                     |  16|   0|   16|          0|
    |tmp_51_reg_3703_pp0_iter14_reg      |  16|   0|   16|          0|
    |tmp_52_reg_3610                     |   1|   0|    1|          0|
    |tmp_53_reg_3628                     |   1|   0|    1|          0|
    |tmp_54_reg_3709                     |  16|   0|   16|          0|
    |tmp_55_reg_3727                     |  16|   0|   16|          0|
    |tmp_56_reg_3644                     |   1|   0|    1|          0|
    |tmp_57_reg_3662                     |   1|   0|    1|          0|
    |tmp_5_reg_3328                      |  16|   0|   16|          0|
    |tmp_60_reg_3673                     |   1|   0|    1|          0|
    |tmp_61_reg_3691                     |   1|   0|    1|          0|
    |tmp_62_reg_3697                     |   1|   0|    1|          0|
    |tmp_63_reg_3715                     |   1|   0|    1|          0|
    |tmp_63_reg_3715_pp0_iter14_reg      |   1|   0|    1|          0|
    |tmp_66_reg_3737                     |   1|   0|    1|          0|
    |tmp_66_reg_3737_pp0_iter16_reg      |   1|   0|    1|          0|
    |tmp_7_reg_3334                      |  16|   0|   16|          0|
    |tmp_9_reg_3289                      |   1|   0|    1|          0|
    |tmp_s_reg_3357                      |  16|   0|   16|          0|
    |trunc_ln1048_reg_3445               |  11|   0|   11|          0|
    |trunc_ln1052_reg_3440               |   6|   0|    6|          0|
    |trunc_ln572_reg_3807                |  20|   0|   20|          0|
    |x_read_reg_3279                     |  20|   0|   20|          0|
    |x_temp_V_reg_3301                   |  16|   0|   16|          0|
    |add_ln813_11_reg_3668               |  64|  32|   19|          1|
    |add_ln813_3_reg_3508                |  64|  32|   17|          1|
    |ret_V_5_reg_3374                    |  64|  32|   34|         15|
    |storemerge167_reg_3769              |  64|  32|   20|          1|
    |tmp_13_reg_3311                     |  64|  32|    1|          0|
    |tmp_17_reg_3340                     |  64|  32|    1|          0|
    |tmp_21_reg_3369                     |  64|  32|    1|          0|
    |tmp_33_reg_3468                     |  64|  32|    1|          0|
    |tmp_37_reg_3502                     |  64|  32|    1|          0|
    |tmp_49_reg_3599                     |  64|  32|    1|          0|
    |tmp_53_reg_3628                     |  64|  32|    1|          0|
    |tmp_57_reg_3662                     |  64|  32|    1|          0|
    |tmp_61_reg_3691                     |  64|  32|    1|          0|
    |tmp_9_reg_3289                      |  64|  32|    1|          0|
    |trunc_ln1048_reg_3445               |  64|  32|   11|          0|
    |x_read_reg_3279                     |  64|  32|   20|          0|
    +------------------------------------+----+----+-----+-----------+
    |Total                               |2470| 512| 1637|         78|
    +------------------------------------+----+----+-----+-----------+



================================================================
== Interface
================================================================
* Summary: 
+----------+-----+-----+--------------+----------------+--------------+
| RTL Ports| Dir | Bits|   Protocol   |  Source Object |    C Type    |
+----------+-----+-----+--------------+----------------+--------------+
|ap_clk    |   in|    1|  ap_ctrl_none|  cordiccart2pol|  return value|
|ap_rst    |   in|    1|  ap_ctrl_none|  cordiccart2pol|  return value|
|x         |   in|   20|       ap_none|               x|        scalar|
|y         |   in|   20|       ap_none|               y|        scalar|
|r         |  out|   20|       ap_none|               r|       pointer|
|theta     |  out|   20|       ap_none|           theta|       pointer|
+----------+-----+-----+--------------+----------------+--------------+

