

================================================================
== Vitis HLS Report for 'fir'
================================================================
* Date:           Thu Nov  7 09:13:05 2024

* Version:        2022.2 (Build 3670227 on Oct 13 2022)
* Project:        fir128_1_variable_bitwidth
* Solution:       solution1 (Vivado IP Flow Target)
* Product family: zynquplus
* Target device:  xczu7ev-ffvf1517-3-e


================================================================
== Performance Estimates
================================================================
+ Timing: 
    * Summary: 
    +--------+----------+----------+------------+
    |  Clock |  Target  | Estimated| Uncertainty|
    +--------+----------+----------+------------+
    |ap_clk  |  10.00 ns|  5.175 ns|     2.70 ns|
    +--------+----------+----------+------------+

+ Latency: 
    * Summary: 
    +---------+---------+-----------+-----------+-----+-----+---------+
    |  Latency (cycles) |   Latency (absolute)  |  Interval | Pipeline|
    |   min   |   max   |    min    |    max    | min | max |   Type  |
    +---------+---------+-----------+-----------+-----+-----+---------+
    |        3|        3|  30.000 ns|  30.000 ns|    1|    1|      yes|
    +---------+---------+-----------+-----------+-----+-----+---------+

    + Detail: 
        * Instance: 
        N/A

        * Loop: 
        N/A



================================================================
== Utilization Estimates
================================================================
* Summary: 
+-----------------+---------+------+--------+--------+-----+
|       Name      | BRAM_18K|  DSP |   FF   |   LUT  | URAM|
+-----------------+---------+------+--------+--------+-----+
|DSP              |        -|    23|       -|       -|    -|
|Expression       |        -|     -|       0|    4515|    -|
|FIFO             |        -|     -|       -|       -|    -|
|Instance         |        -|     -|       -|       -|    -|
|Memory           |        -|     -|       -|       -|    -|
|Multiplexer      |        -|     -|       -|       -|    -|
|Register         |        -|     -|    2894|     640|    -|
+-----------------+---------+------+--------+--------+-----+
|Total            |        0|    23|    2894|    5155|    0|
+-----------------+---------+------+--------+--------+-----+
|Available        |      624|  1728|  460800|  230400|   96|
+-----------------+---------+------+--------+--------+-----+
|Utilization (%)  |        0|     1|      ~0|       2|    0|
+-----------------+---------+------+--------+--------+-----+

+ Detail: 
    * Instance: 
    N/A

    * DSP: 
    +----------------------------------------+------------------------------------+---------------------+
    |                Instance                |               Module               |      Expression     |
    +----------------------------------------+------------------------------------+---------------------+
    |ama_addmuladd_8s_8s_4ns_11s_13_4_1_U23  |ama_addmuladd_8s_8s_4ns_11s_13_4_1  |  (i0 + i1) * i2 + i3|
    |mac_muladd_8s_4ns_11s_13_4_1_U2         |mac_muladd_8s_4ns_11s_13_4_1        |         i0 * i1 + i2|
    |mac_muladd_8s_4ns_11s_13_4_1_U7         |mac_muladd_8s_4ns_11s_13_4_1        |         i0 + i1 * i2|
    |mac_muladd_8s_4ns_11s_13_4_1_U10        |mac_muladd_8s_4ns_11s_13_4_1        |         i0 * i1 + i2|
    |mac_muladd_8s_4ns_11s_13_4_1_U15        |mac_muladd_8s_4ns_11s_13_4_1        |         i0 + i1 * i2|
    |mac_muladd_8s_4ns_11s_13_4_1_U18        |mac_muladd_8s_4ns_11s_13_4_1        |         i0 * i1 + i2|
    |mac_muladd_8s_4ns_12s_13_4_1_U1         |mac_muladd_8s_4ns_12s_13_4_1        |         i0 + i1 * i2|
    |mac_muladd_8s_4ns_12s_13_4_1_U8         |mac_muladd_8s_4ns_12s_13_4_1        |         i0 * i1 + i2|
    |mac_muladd_8s_4ns_12s_13_4_1_U9         |mac_muladd_8s_4ns_12s_13_4_1        |         i0 + i1 * i2|
    |mac_muladd_8s_4ns_12s_13_4_1_U16        |mac_muladd_8s_4ns_12s_13_4_1        |         i0 * i1 + i2|
    |mac_muladd_8s_4ns_12s_13_4_1_U17        |mac_muladd_8s_4ns_12s_13_4_1        |         i0 + i1 * i2|
    |mac_muladd_8s_5s_12s_13_4_1_U3          |mac_muladd_8s_5s_12s_13_4_1         |         i0 + i1 * i2|
    |mac_muladd_8s_5s_12s_13_4_1_U4          |mac_muladd_8s_5s_12s_13_4_1         |         i0 * i1 + i2|
    |mac_muladd_8s_5s_12s_13_4_1_U5          |mac_muladd_8s_5s_12s_13_4_1         |         i0 + i1 * i2|
    |mac_muladd_8s_5s_12s_13_4_1_U6          |mac_muladd_8s_5s_12s_13_4_1         |         i0 * i1 + i2|
    |mac_muladd_8s_5s_12s_13_4_1_U11         |mac_muladd_8s_5s_12s_13_4_1         |         i0 + i1 * i2|
    |mac_muladd_8s_5s_12s_13_4_1_U12         |mac_muladd_8s_5s_12s_13_4_1         |         i0 * i1 + i2|
    |mac_muladd_8s_5s_12s_13_4_1_U13         |mac_muladd_8s_5s_12s_13_4_1         |         i0 + i1 * i2|
    |mac_muladd_8s_5s_12s_13_4_1_U14         |mac_muladd_8s_5s_12s_13_4_1         |         i0 * i1 + i2|
    |mac_muladd_8s_5s_12s_13_4_1_U19         |mac_muladd_8s_5s_12s_13_4_1         |         i0 + i1 * i2|
    |mac_muladd_8s_5s_12s_13_4_1_U20         |mac_muladd_8s_5s_12s_13_4_1         |         i0 * i1 + i2|
    |mac_muladd_8s_5s_12s_13_4_1_U21         |mac_muladd_8s_5s_12s_13_4_1         |         i0 + i1 * i2|
    |mac_muladd_8s_5s_12s_13_4_1_U22         |mac_muladd_8s_5s_12s_13_4_1         |         i0 * i1 + i2|
    +----------------------------------------+------------------------------------+---------------------+

    * Memory: 
    N/A

    * FIFO: 
    N/A

    * Expression: 
    +--------------------------+----------+----+---+----+------------+------------+
    |       Variable Name      | Operation| DSP| FF| LUT| Bitwidth P0| Bitwidth P1|
    +--------------------------+----------+----+---+----+------------+------------+
    |acc_V_fu_6062_p2          |         +|   0|  0|  16|          16|          16|
    |add_ln840_100_fu_5980_p2  |         +|   0|  0|  22|          15|          15|
    |add_ln840_101_fu_3719_p2  |         +|   0|  0|  20|          13|          13|
    |add_ln840_102_fu_3729_p2  |         +|   0|  0|  20|          13|          13|
    |add_ln840_103_fu_3739_p2  |         +|   0|  0|  21|          14|          14|
    |add_ln840_104_fu_3749_p2  |         +|   0|  0|  20|          13|          13|
    |add_ln840_105_fu_3759_p2  |         +|   0|  0|  20|          13|          13|
    |add_ln840_106_fu_3769_p2  |         +|   0|  0|  21|          14|          14|
    |add_ln840_107_fu_3779_p2  |         +|   0|  0|  22|          15|          15|
    |add_ln840_108_fu_5993_p2  |         +|   0|  0|  16|          16|          16|
    |add_ln840_109_fu_3785_p2  |         +|   0|  0|  20|          13|          13|
    |add_ln840_10_fu_5485_p2   |         +|   0|  0|  20|          13|          13|
    |add_ln840_110_fu_3795_p2  |         +|   0|  0|  20|          13|          13|
    |add_ln840_111_fu_3805_p2  |         +|   0|  0|  21|          14|          14|
    |add_ln840_112_fu_3815_p2  |         +|   0|  0|  20|          13|          13|
    |add_ln840_113_fu_3825_p2  |         +|   0|  0|  20|          13|          13|
    |add_ln840_114_fu_3835_p2  |         +|   0|  0|  21|          14|          14|
    |add_ln840_115_fu_3845_p2  |         +|   0|  0|  22|          15|          15|
    |add_ln840_118_fu_6008_p2  |         +|   0|  0|  21|          14|          14|
    |add_ln840_119_fu_3851_p2  |         +|   0|  0|  17|          11|          11|
    |add_ln840_11_fu_5495_p2   |         +|   0|  0|  20|          13|          13|
    |add_ln840_122_fu_6024_p2  |         +|   0|  0|  21|          14|          14|
    |add_ln840_123_fu_6034_p2  |         +|   0|  0|  22|          15|          15|
    |add_ln840_124_fu_6044_p2  |         +|   0|  0|  23|          16|          16|
    |add_ln840_125_fu_6050_p2  |         +|   0|  0|  16|          16|          16|
    |add_ln840_126_fu_6056_p2  |         +|   0|  0|  16|          16|          16|
    |add_ln840_12_fu_5505_p2   |         +|   0|  0|  21|          14|          14|
    |add_ln840_13_fu_5515_p2   |         +|   0|  0|  22|          15|          15|
    |add_ln840_14_fu_5525_p2   |         +|   0|  0|  16|          16|          16|
    |add_ln840_15_fu_5531_p2   |         +|   0|  0|  20|          13|          13|
    |add_ln840_16_fu_5541_p2   |         +|   0|  0|  20|          13|          13|
    |add_ln840_17_fu_5551_p2   |         +|   0|  0|  21|          14|          14|
    |add_ln840_18_fu_5561_p2   |         +|   0|  0|  20|          13|          13|
    |add_ln840_19_fu_5571_p2   |         +|   0|  0|  20|          13|          13|
    |add_ln840_1_fu_5404_p2    |         +|   0|  0|  20|          13|          13|
    |add_ln840_20_fu_5581_p2   |         +|   0|  0|  21|          14|          14|
    |add_ln840_21_fu_5591_p2   |         +|   0|  0|  22|          15|          15|
    |add_ln840_24_fu_5607_p2   |         +|   0|  0|  21|          14|          14|
    |add_ln840_25_fu_3529_p2   |         +|   0|  0|  17|          11|          11|
    |add_ln840_27_fu_5620_p2   |         +|   0|  0|  20|          13|          13|
    |add_ln840_28_fu_5629_p2   |         +|   0|  0|  22|          15|          15|
    |add_ln840_29_fu_5639_p2   |         +|   0|  0|  23|          16|          16|
    |add_ln840_2_fu_5414_p2    |         +|   0|  0|  16|          16|          16|
    |add_ln840_30_fu_5645_p2   |         +|   0|  0|  16|          16|          16|
    |add_ln840_32_fu_3535_p2   |         +|   0|  0|  20|          13|          13|
    |add_ln840_33_fu_5657_p2   |         +|   0|  0|  21|          14|          14|
    |add_ln840_34_fu_3541_p2   |         +|   0|  0|  20|          13|          13|
    |add_ln840_35_fu_3551_p2   |         +|   0|  0|  20|          13|          13|
    |add_ln840_36_fu_3561_p2   |         +|   0|  0|  21|          14|          14|
    |add_ln840_37_fu_5670_p2   |         +|   0|  0|  22|          15|          15|
    |add_ln840_3_fu_5419_p2    |         +|   0|  0|  20|          13|          13|
    |add_ln840_40_fu_5686_p2   |         +|   0|  0|  21|          14|          14|
    |add_ln840_41_fu_3567_p2   |         +|   0|  0|  17|          11|          11|
    |add_ln840_43_fu_5699_p2   |         +|   0|  0|  20|          13|          13|
    |add_ln840_44_fu_5708_p2   |         +|   0|  0|  22|          15|          15|
    |add_ln840_45_fu_5718_p2   |         +|   0|  0|  16|          16|          16|
    |add_ln840_47_fu_3573_p2   |         +|   0|  0|  20|          13|          13|
    |add_ln840_48_fu_5730_p2   |         +|   0|  0|  21|          14|          14|
    |add_ln840_49_fu_3579_p2   |         +|   0|  0|  20|          13|          13|
    |add_ln840_4_fu_5429_p2    |         +|   0|  0|  20|          13|          13|
    |add_ln840_50_fu_3589_p2   |         +|   0|  0|  20|          13|          13|
    |add_ln840_51_fu_3599_p2   |         +|   0|  0|  21|          14|          14|
    |add_ln840_52_fu_5743_p2   |         +|   0|  0|  22|          15|          15|
    |add_ln840_55_fu_5759_p2   |         +|   0|  0|  21|          14|          14|
    |add_ln840_56_fu_3605_p2   |         +|   0|  0|  17|          11|          11|
    |add_ln840_58_fu_5772_p2   |         +|   0|  0|  20|          13|          13|
    |add_ln840_59_fu_5781_p2   |         +|   0|  0|  22|          15|          15|
    |add_ln840_5_fu_5439_p2    |         +|   0|  0|  21|          14|          14|
    |add_ln840_60_fu_5791_p2   |         +|   0|  0|  23|          16|          16|
    |add_ln840_61_fu_5797_p2   |         +|   0|  0|  16|          16|          16|
    |add_ln840_62_fu_5803_p2   |         +|   0|  0|  16|          16|          16|
    |add_ln840_64_fu_3611_p2   |         +|   0|  0|  20|          13|          13|
    |add_ln840_65_fu_5815_p2   |         +|   0|  0|  21|          14|          14|
    |add_ln840_66_fu_3617_p2   |         +|   0|  0|  20|          13|          13|
    |add_ln840_67_fu_3627_p2   |         +|   0|  0|  20|          13|          13|
    |add_ln840_68_fu_3637_p2   |         +|   0|  0|  21|          14|          14|
    |add_ln840_69_fu_5828_p2   |         +|   0|  0|  22|          15|          15|
    |add_ln840_6_fu_5449_p2    |         +|   0|  0|  16|          16|          16|
    |add_ln840_72_fu_5844_p2   |         +|   0|  0|  21|          14|          14|
    |add_ln840_73_fu_3643_p2   |         +|   0|  0|  17|          11|          11|
    |add_ln840_75_fu_5857_p2   |         +|   0|  0|  20|          13|          13|
    |add_ln840_76_fu_5866_p2   |         +|   0|  0|  22|          15|          15|
    |add_ln840_77_fu_5876_p2   |         +|   0|  0|  23|          16|          16|
    |add_ln840_79_fu_3649_p2   |         +|   0|  0|  20|          13|          13|
    |add_ln840_7_fu_5455_p2    |         +|   0|  0|  20|          13|          13|
    |add_ln840_80_fu_5888_p2   |         +|   0|  0|  21|          14|          14|
    |add_ln840_81_fu_3655_p2   |         +|   0|  0|  20|          13|          13|
    |add_ln840_82_fu_3665_p2   |         +|   0|  0|  20|          13|          13|
    |add_ln840_83_fu_3675_p2   |         +|   0|  0|  21|          14|          14|
    |add_ln840_84_fu_5901_p2   |         +|   0|  0|  22|          15|          15|
    |add_ln840_87_fu_5917_p2   |         +|   0|  0|  21|          14|          14|
    |add_ln840_88_fu_3681_p2   |         +|   0|  0|  17|          11|          11|
    |add_ln840_8_fu_5465_p2    |         +|   0|  0|  20|          13|          13|
    |add_ln840_90_fu_5930_p2   |         +|   0|  0|  20|          13|          13|
    |add_ln840_91_fu_5939_p2   |         +|   0|  0|  22|          15|          15|
    |add_ln840_92_fu_5949_p2   |         +|   0|  0|  23|          16|          16|
    |add_ln840_93_fu_5955_p2   |         +|   0|  0|  16|          16|          16|
    |add_ln840_95_fu_3687_p2   |         +|   0|  0|  20|          13|          13|
    |add_ln840_96_fu_5967_p2   |         +|   0|  0|  21|          14|          14|
    |add_ln840_97_fu_3693_p2   |         +|   0|  0|  20|          13|          13|
    |add_ln840_98_fu_3703_p2   |         +|   0|  0|  20|          13|          13|
    |add_ln840_99_fu_3713_p2   |         +|   0|  0|  21|          14|          14|
    |add_ln840_9_fu_5475_p2    |         +|   0|  0|  21|          14|          14|
    |add_ln840_fu_3523_p2      |         +|   0|  0|  23|          16|          16|
    |ret_V_10_fu_5020_p2       |         +|   0|  0|  19|          12|          12|
    |ret_V_11_fu_5054_p2       |         +|   0|  0|  19|          12|          12|
    |ret_V_12_fu_5088_p2       |         +|   0|  0|  19|          12|          12|
    |ret_V_13_fu_5122_p2       |         +|   0|  0|  19|          12|          12|
    |ret_V_14_fu_5156_p2       |         +|   0|  0|  19|          12|          12|
    |ret_V_15_fu_5190_p2       |         +|   0|  0|  19|          12|          12|
    |ret_V_16_fu_5224_p2       |         +|   0|  0|  19|          12|          12|
    |ret_V_17_fu_5258_p2       |         +|   0|  0|  19|          12|          12|
    |ret_V_18_fu_5292_p2       |         +|   0|  0|  19|          12|          12|
    |ret_V_19_fu_5326_p2       |         +|   0|  0|  19|          12|          12|
    |ret_V_1_fu_4714_p2        |         +|   0|  0|  19|          12|          12|
    |ret_V_20_fu_5360_p2       |         +|   0|  0|  19|          12|          12|
    |ret_V_21_fu_5394_p2       |         +|   0|  0|  19|          12|          12|
    |ret_V_22_fu_3879_p2       |         +|   0|  0|  19|          12|          12|
    |ret_V_2_fu_4748_p2        |         +|   0|  0|  19|          12|          12|
    |ret_V_3_fu_4782_p2        |         +|   0|  0|  19|          12|          12|
    |ret_V_47_fu_4051_p2       |         +|   0|  0|  19|          12|          12|
    |ret_V_48_fu_1779_p2       |         +|   0|  0|  19|          12|          12|
    |ret_V_49_fu_1813_p2       |         +|   0|  0|  19|          12|          12|
    |ret_V_4_fu_4816_p2        |         +|   0|  0|  19|          12|          12|
    |ret_V_50_fu_1847_p2       |         +|   0|  0|  19|          12|          12|
    |ret_V_51_fu_1881_p2       |         +|   0|  0|  19|          12|          12|
    |ret_V_52_fu_1915_p2       |         +|   0|  0|  19|          12|          12|
    |ret_V_53_fu_1949_p2       |         +|   0|  0|  19|          12|          12|
    |ret_V_54_fu_4083_p2       |         +|   0|  0|  19|          12|          12|
    |ret_V_5_fu_4850_p2        |         +|   0|  0|  19|          12|          12|
    |ret_V_6_fu_4884_p2        |         +|   0|  0|  19|          12|          12|
    |ret_V_79_fu_4255_p2       |         +|   0|  0|  19|          12|          12|
    |ret_V_7_fu_4918_p2        |         +|   0|  0|  19|          12|          12|
    |ret_V_80_fu_2343_p2       |         +|   0|  0|  19|          12|          12|
    |ret_V_81_fu_2377_p2       |         +|   0|  0|  19|          12|          12|
    |ret_V_82_fu_2411_p2       |         +|   0|  0|  19|          12|          12|
    |ret_V_83_fu_2445_p2       |         +|   0|  0|  19|          12|          12|
    |ret_V_84_fu_2479_p2       |         +|   0|  0|  19|          12|          12|
    |ret_V_85_fu_2513_p2       |         +|   0|  0|  19|          12|          12|
    |ret_V_86_fu_4287_p2       |         +|   0|  0|  19|          12|          12|
    |ret_V_8_fu_4952_p2        |         +|   0|  0|  19|          12|          12|
    |ret_V_9_fu_4986_p2        |         +|   0|  0|  19|          12|          12|
    |ret_V_fu_4680_p2          |         +|   0|  0|  19|          12|          12|
    |ret_V_100_fu_2773_p2      |         -|   0|  0|  17|          12|          12|
    |ret_V_101_fu_2813_p2      |         -|   0|  0|  17|          12|          12|
    |ret_V_102_fu_2853_p2      |         -|   0|  0|  17|          12|          12|
    |ret_V_103_fu_2893_p2      |         -|   0|  0|  17|          12|          12|
    |ret_V_104_fu_2933_p2      |         -|   0|  0|  17|          12|          12|
    |ret_V_105_fu_2973_p2      |         -|   0|  0|  17|          12|          12|
    |ret_V_106_fu_3013_p2      |         -|   0|  0|  17|          12|          12|
    |ret_V_107_fu_3053_p2      |         -|   0|  0|  17|          12|          12|
    |ret_V_108_fu_3093_p2      |         -|   0|  0|  17|          12|          12|
    |ret_V_109_fu_3133_p2      |         -|   0|  0|  17|          12|          12|
    |ret_V_110_fu_3173_p2      |         -|   0|  0|  17|          12|          12|
    |ret_V_111_fu_3213_p2      |         -|   0|  0|  17|          12|          12|
    |ret_V_112_fu_3253_p2      |         -|   0|  0|  17|          12|          12|
    |ret_V_113_fu_3293_p2      |         -|   0|  0|  17|          12|          12|
    |ret_V_114_fu_3333_p2      |         -|   0|  0|  17|          12|          12|
    |ret_V_115_fu_3373_p2      |         -|   0|  0|  17|          12|          12|
    |ret_V_116_fu_3413_p2      |         -|   0|  0|  17|          12|          12|
    |ret_V_117_fu_3453_p2      |         -|   0|  0|  17|          12|          12|
    |ret_V_118_fu_4395_p2      |         -|   0|  0|  17|          12|          12|
    |ret_V_121_fu_4416_p2      |         -|   0|  0|  19|           1|          12|
    |ret_V_122_fu_3487_p2      |         -|   0|  0|  18|          11|          11|
    |ret_V_123_fu_3509_p2      |         -|   0|  0|  17|          11|          11|
    |ret_V_26_fu_1419_p2       |         -|   0|  0|  18|          11|          11|
    |ret_V_27_fu_1441_p2       |         -|   0|  0|  17|          11|          11|
    |ret_V_28_fu_3911_p2       |         -|   0|  0|  19|           1|          12|
    |ret_V_31_fu_3949_p2       |         -|   0|  0|  17|          12|          12|
    |ret_V_32_fu_1485_p2       |         -|   0|  0|  17|          12|          12|
    |ret_V_33_fu_1525_p2       |         -|   0|  0|  17|          12|          12|
    |ret_V_34_fu_1565_p2       |         -|   0|  0|  17|          12|          12|
    |ret_V_35_fu_1605_p2       |         -|   0|  0|  17|          12|          12|
    |ret_V_36_fu_1645_p2       |         -|   0|  0|  17|          12|          12|
    |ret_V_37_fu_1685_p2       |         -|   0|  0|  17|          12|          12|
    |ret_V_38_fu_3987_p2       |         -|   0|  0|  17|          12|          12|
    |ret_V_41_fu_4008_p2       |         -|   0|  0|  19|           1|          12|
    |ret_V_42_fu_1719_p2       |         -|   0|  0|  18|          11|          11|
    |ret_V_43_fu_1741_p2       |         -|   0|  0|  17|          11|          11|
    |ret_V_58_fu_1983_p2       |         -|   0|  0|  18|          11|          11|
    |ret_V_59_fu_2005_p2       |         -|   0|  0|  17|          11|          11|
    |ret_V_60_fu_4115_p2       |         -|   0|  0|  19|           1|          12|
    |ret_V_63_fu_4153_p2       |         -|   0|  0|  17|          12|          12|
    |ret_V_64_fu_2049_p2       |         -|   0|  0|  17|          12|          12|
    |ret_V_65_fu_2089_p2       |         -|   0|  0|  17|          12|          12|
    |ret_V_66_fu_2129_p2       |         -|   0|  0|  17|          12|          12|
    |ret_V_67_fu_2169_p2       |         -|   0|  0|  17|          12|          12|
    |ret_V_68_fu_2209_p2       |         -|   0|  0|  17|          12|          12|
    |ret_V_69_fu_2249_p2       |         -|   0|  0|  17|          12|          12|
    |ret_V_70_fu_4191_p2       |         -|   0|  0|  17|          12|          12|
    |ret_V_73_fu_4212_p2       |         -|   0|  0|  19|           1|          12|
    |ret_V_74_fu_2283_p2       |         -|   0|  0|  18|          11|          11|
    |ret_V_75_fu_2305_p2       |         -|   0|  0|  17|          11|          11|
    |ret_V_90_fu_2547_p2       |         -|   0|  0|  18|          11|          11|
    |ret_V_91_fu_2569_p2       |         -|   0|  0|  17|          11|          11|
    |ret_V_92_fu_4319_p2       |         -|   0|  0|  19|           1|          12|
    |ret_V_95_fu_4357_p2       |         -|   0|  0|  17|          12|          12|
    |ret_V_96_fu_2613_p2       |         -|   0|  0|  17|          12|          12|
    |ret_V_97_fu_2653_p2       |         -|   0|  0|  17|          12|          12|
    |ret_V_98_fu_2693_p2       |         -|   0|  0|  17|          12|          12|
    |ret_V_99_fu_2733_p2       |         -|   0|  0|  17|          12|          12|
    |sub_ln1494_10_fu_1627_p2  |         -|   0|  0|  17|           1|          12|
    |sub_ln1494_12_fu_1667_p2  |         -|   0|  0|  17|           1|          12|
    |sub_ln1494_14_fu_3970_p2  |         -|   0|  0|  17|           1|          12|
    |sub_ln1494_20_fu_4136_p2  |         -|   0|  0|  17|           1|          12|
    |sub_ln1494_22_fu_2031_p2  |         -|   0|  0|  17|           1|          12|
    |sub_ln1494_24_fu_2071_p2  |         -|   0|  0|  17|           1|          12|
    |sub_ln1494_26_fu_2111_p2  |         -|   0|  0|  17|           1|          12|
    |sub_ln1494_28_fu_2151_p2  |         -|   0|  0|  17|           1|          12|
    |sub_ln1494_2_fu_1467_p2   |         -|   0|  0|  17|           1|          12|
    |sub_ln1494_30_fu_2191_p2  |         -|   0|  0|  17|           1|          12|
    |sub_ln1494_32_fu_2231_p2  |         -|   0|  0|  17|           1|          12|
    |sub_ln1494_34_fu_4174_p2  |         -|   0|  0|  17|           1|          12|
    |sub_ln1494_40_fu_4340_p2  |         -|   0|  0|  17|           1|          12|
    |sub_ln1494_42_fu_2595_p2  |         -|   0|  0|  17|           1|          12|
    |sub_ln1494_44_fu_2635_p2  |         -|   0|  0|  17|           1|          12|
    |sub_ln1494_46_fu_2675_p2  |         -|   0|  0|  17|           1|          12|
    |sub_ln1494_48_fu_2715_p2  |         -|   0|  0|  17|           1|          12|
    |sub_ln1494_4_fu_1507_p2   |         -|   0|  0|  17|           1|          12|
    |sub_ln1494_50_fu_2755_p2  |         -|   0|  0|  17|           1|          12|
    |sub_ln1494_52_fu_2795_p2  |         -|   0|  0|  17|           1|          12|
    |sub_ln1494_54_fu_2835_p2  |         -|   0|  0|  17|           1|          12|
    |sub_ln1494_56_fu_2875_p2  |         -|   0|  0|  17|           1|          12|
    |sub_ln1494_58_fu_2915_p2  |         -|   0|  0|  17|           1|          12|
    |sub_ln1494_60_fu_2955_p2  |         -|   0|  0|  17|           1|          12|
    |sub_ln1494_62_fu_2995_p2  |         -|   0|  0|  17|           1|          12|
    |sub_ln1494_64_fu_3035_p2  |         -|   0|  0|  17|           1|          12|
    |sub_ln1494_66_fu_3075_p2  |         -|   0|  0|  17|           1|          12|
    |sub_ln1494_68_fu_3115_p2  |         -|   0|  0|  17|           1|          12|
    |sub_ln1494_6_fu_1547_p2   |         -|   0|  0|  17|           1|          12|
    |sub_ln1494_70_fu_3155_p2  |         -|   0|  0|  17|           1|          12|
    |sub_ln1494_72_fu_3195_p2  |         -|   0|  0|  17|           1|          12|
    |sub_ln1494_74_fu_3235_p2  |         -|   0|  0|  17|           1|          12|
    |sub_ln1494_76_fu_3275_p2  |         -|   0|  0|  17|           1|          12|
    |sub_ln1494_78_fu_3315_p2  |         -|   0|  0|  17|           1|          12|
    |sub_ln1494_80_fu_3355_p2  |         -|   0|  0|  17|           1|          12|
    |sub_ln1494_82_fu_3395_p2  |         -|   0|  0|  17|           1|          12|
    |sub_ln1494_84_fu_3435_p2  |         -|   0|  0|  17|           1|          12|
    |sub_ln1494_86_fu_4378_p2  |         -|   0|  0|  17|           1|          12|
    |sub_ln1494_8_fu_1587_p2   |         -|   0|  0|  17|           1|          12|
    |sub_ln1494_fu_3932_p2     |         -|   0|  0|  17|           1|          12|
    |ap_enable_pp0             |       xor|   0|  0|   2|           1|           2|
    +--------------------------+----------+----+---+----+------------+------------+
    |Total                     |          |   0|  0|4515|        2577|        3084|
    +--------------------------+----------+----+---+----+------------+------------+

    * Multiplexer: 
    N/A

    * Register: 
    +--------------------------------+----+----+-----+-----------+
    |              Name              | FF | LUT| Bits| Const Bits|
    +--------------------------------+----+----+-----+-----------+
    |add_ln840_107_reg_6599          |  14|   0|   15|          1|
    |add_ln840_115_reg_6604          |  14|   0|   15|          1|
    |add_ln840_119_reg_6609          |  11|   0|   11|          0|
    |add_ln840_25_reg_6524           |  11|   0|   11|          0|
    |add_ln840_32_reg_6529           |  12|   0|   13|          1|
    |add_ln840_36_reg_6534           |  13|   0|   14|          1|
    |add_ln840_41_reg_6539           |  11|   0|   11|          0|
    |add_ln840_47_reg_6544           |  12|   0|   13|          1|
    |add_ln840_51_reg_6549           |  13|   0|   14|          1|
    |add_ln840_56_reg_6554           |  11|   0|   11|          0|
    |add_ln840_64_reg_6559           |  12|   0|   13|          1|
    |add_ln840_68_reg_6564           |  13|   0|   14|          1|
    |add_ln840_73_reg_6569           |  11|   0|   11|          0|
    |add_ln840_79_reg_6574           |  12|   0|   13|          1|
    |add_ln840_83_reg_6579           |  13|   0|   14|          1|
    |add_ln840_88_reg_6584           |  11|   0|   11|          0|
    |add_ln840_95_reg_6589           |  12|   0|   13|          1|
    |add_ln840_99_reg_6594           |  13|   0|   14|          1|
    |add_ln840_reg_6519              |  15|   0|   16|          1|
    |ap_CS_fsm                       |   1|   0|    1|          0|
    |ap_enable_reg_pp0_iter1         |   1|   0|    1|          0|
    |ap_enable_reg_pp0_iter2         |   1|   0|    1|          0|
    |ap_enable_reg_pp0_iter3         |   1|   0|    1|          0|
    |fir_int_int_shift_reg           |   8|   0|    8|          0|
    |fir_int_int_shift_reg_1         |   8|   0|    8|          0|
    |fir_int_int_shift_reg_2         |   8|   0|    8|          0|
    |fir_int_int_shift_reg_3         |   8|   0|    8|          0|
    |fir_int_int_shift_reg_4         |   8|   0|    8|          0|
    |fir_int_int_shift_reg_5         |   8|   0|    8|          0|
    |fir_int_int_shift_reg_6         |   8|   0|    8|          0|
    |fir_int_int_shift_reg_7         |   8|   0|    8|          0|
    |fir_int_int_shift_reg_8         |   8|   0|    8|          0|
    |fir_int_int_shift_reg_9         |   8|   0|    8|          0|
    |lhs_118_reg_6393                |   8|   0|    8|          0|
    |lhs_118_reg_6393_pp0_iter1_reg  |   8|   0|    8|          0|
    |lhs_121_reg_6399                |   8|   0|    8|          0|
    |lhs_121_reg_6399_pp0_iter1_reg  |   8|   0|    8|          0|
    |lhs_124_reg_6404                |   8|   0|    8|          0|
    |lhs_124_reg_6404_pp0_iter1_reg  |   8|   0|    8|          0|
    |lhs_22_reg_6282                 |   8|   0|    8|          0|
    |lhs_25_reg_6289                 |   8|   0|    8|          0|
    |lhs_25_reg_6289_pp0_iter1_reg   |   8|   0|    8|          0|
    |lhs_28_reg_6294                 |   8|   0|    8|          0|
    |lhs_28_reg_6294_pp0_iter1_reg   |   8|   0|    8|          0|
    |lhs_31_reg_6299                 |   8|   0|    8|          0|
    |lhs_31_reg_6299_pp0_iter1_reg   |   8|   0|    8|          0|
    |lhs_38_reg_6305                 |   8|   0|    8|          0|
    |lhs_38_reg_6305_pp0_iter1_reg   |   8|   0|    8|          0|
    |lhs_41_reg_6311                 |   8|   0|    8|          0|
    |lhs_41_reg_6311_pp0_iter1_reg   |   8|   0|    8|          0|
    |lhs_44_reg_6316                 |   8|   0|    8|          0|
    |lhs_44_reg_6316_pp0_iter1_reg   |   8|   0|    8|          0|
    |lhs_47_reg_6321                 |   8|   0|    8|          0|
    |lhs_47_reg_6321_pp0_iter1_reg   |   8|   0|    8|          0|
    |lhs_54_reg_6327                 |   8|   0|    8|          0|
    |lhs_54_reg_6327_pp0_iter1_reg   |   8|   0|    8|          0|
    |lhs_57_reg_6333                 |   8|   0|    8|          0|
    |lhs_57_reg_6333_pp0_iter1_reg   |   8|   0|    8|          0|
    |lhs_60_reg_6338                 |   8|   0|    8|          0|
    |lhs_60_reg_6338_pp0_iter1_reg   |   8|   0|    8|          0|
    |lhs_63_reg_6343                 |   8|   0|    8|          0|
    |lhs_63_reg_6343_pp0_iter1_reg   |   8|   0|    8|          0|
    |lhs_70_reg_6349                 |   8|   0|    8|          0|
    |lhs_70_reg_6349_pp0_iter1_reg   |   8|   0|    8|          0|
    |lhs_73_reg_6355                 |   8|   0|    8|          0|
    |lhs_73_reg_6355_pp0_iter1_reg   |   8|   0|    8|          0|
    |lhs_76_reg_6360                 |   8|   0|    8|          0|
    |lhs_76_reg_6360_pp0_iter1_reg   |   8|   0|    8|          0|
    |lhs_79_reg_6365                 |   8|   0|    8|          0|
    |lhs_79_reg_6365_pp0_iter1_reg   |   8|   0|    8|          0|
    |lhs_86_reg_6371                 |   8|   0|    8|          0|
    |lhs_86_reg_6371_pp0_iter1_reg   |   8|   0|    8|          0|
    |lhs_89_reg_6377                 |   8|   0|    8|          0|
    |lhs_89_reg_6377_pp0_iter1_reg   |   8|   0|    8|          0|
    |lhs_92_reg_6382                 |   8|   0|    8|          0|
    |lhs_92_reg_6382_pp0_iter1_reg   |   8|   0|    8|          0|
    |lhs_95_reg_6387                 |   8|   0|    8|          0|
    |lhs_95_reg_6387_pp0_iter1_reg   |   8|   0|    8|          0|
    |p_ZZ3firPiiE9shift_reg_10       |   8|   0|    8|          0|
    |p_ZZ3firPiiE9shift_reg_100      |   8|   0|    8|          0|
    |p_ZZ3firPiiE9shift_reg_101      |   8|   0|    8|          0|
    |p_ZZ3firPiiE9shift_reg_102      |   8|   0|    8|          0|
    |p_ZZ3firPiiE9shift_reg_103      |   8|   0|    8|          0|
    |p_ZZ3firPiiE9shift_reg_104      |   8|   0|    8|          0|
    |p_ZZ3firPiiE9shift_reg_105      |   8|   0|    8|          0|
    |p_ZZ3firPiiE9shift_reg_106      |   8|   0|    8|          0|
    |p_ZZ3firPiiE9shift_reg_107      |   8|   0|    8|          0|
    |p_ZZ3firPiiE9shift_reg_108      |   8|   0|    8|          0|
    |p_ZZ3firPiiE9shift_reg_109      |   8|   0|    8|          0|
    |p_ZZ3firPiiE9shift_reg_11       |   8|   0|    8|          0|
    |p_ZZ3firPiiE9shift_reg_110      |   8|   0|    8|          0|
    |p_ZZ3firPiiE9shift_reg_111      |   8|   0|    8|          0|
    |p_ZZ3firPiiE9shift_reg_112      |   8|   0|    8|          0|
    |p_ZZ3firPiiE9shift_reg_113      |   8|   0|    8|          0|
    |p_ZZ3firPiiE9shift_reg_114      |   8|   0|    8|          0|
    |p_ZZ3firPiiE9shift_reg_115      |   8|   0|    8|          0|
    |p_ZZ3firPiiE9shift_reg_116      |   8|   0|    8|          0|
    |p_ZZ3firPiiE9shift_reg_117      |   8|   0|    8|          0|
    |p_ZZ3firPiiE9shift_reg_118      |   8|   0|    8|          0|
    |p_ZZ3firPiiE9shift_reg_119      |   8|   0|    8|          0|
    |p_ZZ3firPiiE9shift_reg_12       |   8|   0|    8|          0|
    |p_ZZ3firPiiE9shift_reg_120      |   8|   0|    8|          0|
    |p_ZZ3firPiiE9shift_reg_121      |   8|   0|    8|          0|
    |p_ZZ3firPiiE9shift_reg_122      |   8|   0|    8|          0|
    |p_ZZ3firPiiE9shift_reg_123      |   8|   0|    8|          0|
    |p_ZZ3firPiiE9shift_reg_124      |   8|   0|    8|          0|
    |p_ZZ3firPiiE9shift_reg_125      |   8|   0|    8|          0|
    |p_ZZ3firPiiE9shift_reg_126      |   8|   0|    8|          0|
    |p_ZZ3firPiiE9shift_reg_13       |   8|   0|    8|          0|
    |p_ZZ3firPiiE9shift_reg_14       |   8|   0|    8|          0|
    |p_ZZ3firPiiE9shift_reg_15       |   8|   0|    8|          0|
    |p_ZZ3firPiiE9shift_reg_16       |   8|   0|    8|          0|
    |p_ZZ3firPiiE9shift_reg_17       |   8|   0|    8|          0|
    |p_ZZ3firPiiE9shift_reg_18       |   8|   0|    8|          0|
    |p_ZZ3firPiiE9shift_reg_19       |   8|   0|    8|          0|
    |p_ZZ3firPiiE9shift_reg_20       |   8|   0|    8|          0|
    |p_ZZ3firPiiE9shift_reg_21       |   8|   0|    8|          0|
    |p_ZZ3firPiiE9shift_reg_22       |   8|   0|    8|          0|
    |p_ZZ3firPiiE9shift_reg_23       |   8|   0|    8|          0|
    |p_ZZ3firPiiE9shift_reg_24       |   8|   0|    8|          0|
    |p_ZZ3firPiiE9shift_reg_25       |   8|   0|    8|          0|
    |p_ZZ3firPiiE9shift_reg_26       |   8|   0|    8|          0|
    |p_ZZ3firPiiE9shift_reg_27       |   8|   0|    8|          0|
    |p_ZZ3firPiiE9shift_reg_28       |   8|   0|    8|          0|
    |p_ZZ3firPiiE9shift_reg_29       |   8|   0|    8|          0|
    |p_ZZ3firPiiE9shift_reg_30       |   8|   0|    8|          0|
    |p_ZZ3firPiiE9shift_reg_31       |   8|   0|    8|          0|
    |p_ZZ3firPiiE9shift_reg_32       |   8|   0|    8|          0|
    |p_ZZ3firPiiE9shift_reg_33       |   8|   0|    8|          0|
    |p_ZZ3firPiiE9shift_reg_34       |   8|   0|    8|          0|
    |p_ZZ3firPiiE9shift_reg_35       |   8|   0|    8|          0|
    |p_ZZ3firPiiE9shift_reg_36       |   8|   0|    8|          0|
    |p_ZZ3firPiiE9shift_reg_37       |   8|   0|    8|          0|
    |p_ZZ3firPiiE9shift_reg_38       |   8|   0|    8|          0|
    |p_ZZ3firPiiE9shift_reg_39       |   8|   0|    8|          0|
    |p_ZZ3firPiiE9shift_reg_40       |   8|   0|    8|          0|
    |p_ZZ3firPiiE9shift_reg_41       |   8|   0|    8|          0|
    |p_ZZ3firPiiE9shift_reg_42       |   8|   0|    8|          0|
    |p_ZZ3firPiiE9shift_reg_43       |   8|   0|    8|          0|
    |p_ZZ3firPiiE9shift_reg_44       |   8|   0|    8|          0|
    |p_ZZ3firPiiE9shift_reg_45       |   8|   0|    8|          0|
    |p_ZZ3firPiiE9shift_reg_46       |   8|   0|    8|          0|
    |p_ZZ3firPiiE9shift_reg_47       |   8|   0|    8|          0|
    |p_ZZ3firPiiE9shift_reg_48       |   8|   0|    8|          0|
    |p_ZZ3firPiiE9shift_reg_49       |   8|   0|    8|          0|
    |p_ZZ3firPiiE9shift_reg_50       |   8|   0|    8|          0|
    |p_ZZ3firPiiE9shift_reg_51       |   8|   0|    8|          0|
    |p_ZZ3firPiiE9shift_reg_52       |   8|   0|    8|          0|
    |p_ZZ3firPiiE9shift_reg_53       |   8|   0|    8|          0|
    |p_ZZ3firPiiE9shift_reg_54       |   8|   0|    8|          0|
    |p_ZZ3firPiiE9shift_reg_55       |   8|   0|    8|          0|
    |p_ZZ3firPiiE9shift_reg_56       |   8|   0|    8|          0|
    |p_ZZ3firPiiE9shift_reg_57       |   8|   0|    8|          0|
    |p_ZZ3firPiiE9shift_reg_58       |   8|   0|    8|          0|
    |p_ZZ3firPiiE9shift_reg_59       |   8|   0|    8|          0|
    |p_ZZ3firPiiE9shift_reg_60       |   8|   0|    8|          0|
    |p_ZZ3firPiiE9shift_reg_61       |   8|   0|    8|          0|
    |p_ZZ3firPiiE9shift_reg_62       |   8|   0|    8|          0|
    |p_ZZ3firPiiE9shift_reg_63       |   8|   0|    8|          0|
    |p_ZZ3firPiiE9shift_reg_64       |   8|   0|    8|          0|
    |p_ZZ3firPiiE9shift_reg_65       |   8|   0|    8|          0|
    |p_ZZ3firPiiE9shift_reg_66       |   8|   0|    8|          0|
    |p_ZZ3firPiiE9shift_reg_67       |   8|   0|    8|          0|
    |p_ZZ3firPiiE9shift_reg_68       |   8|   0|    8|          0|
    |p_ZZ3firPiiE9shift_reg_69       |   8|   0|    8|          0|
    |p_ZZ3firPiiE9shift_reg_70       |   8|   0|    8|          0|
    |p_ZZ3firPiiE9shift_reg_71       |   8|   0|    8|          0|
    |p_ZZ3firPiiE9shift_reg_72       |   8|   0|    8|          0|
    |p_ZZ3firPiiE9shift_reg_73       |   8|   0|    8|          0|
    |p_ZZ3firPiiE9shift_reg_74       |   8|   0|    8|          0|
    |p_ZZ3firPiiE9shift_reg_75       |   8|   0|    8|          0|
    |p_ZZ3firPiiE9shift_reg_76       |   8|   0|    8|          0|
    |p_ZZ3firPiiE9shift_reg_77       |   8|   0|    8|          0|
    |p_ZZ3firPiiE9shift_reg_78       |   8|   0|    8|          0|
    |p_ZZ3firPiiE9shift_reg_79       |   8|   0|    8|          0|
    |p_ZZ3firPiiE9shift_reg_80       |   8|   0|    8|          0|
    |p_ZZ3firPiiE9shift_reg_81       |   8|   0|    8|          0|
    |p_ZZ3firPiiE9shift_reg_82       |   8|   0|    8|          0|
    |p_ZZ3firPiiE9shift_reg_83       |   8|   0|    8|          0|
    |p_ZZ3firPiiE9shift_reg_84       |   8|   0|    8|          0|
    |p_ZZ3firPiiE9shift_reg_85       |   8|   0|    8|          0|
    |p_ZZ3firPiiE9shift_reg_86       |   8|   0|    8|          0|
    |p_ZZ3firPiiE9shift_reg_87       |   8|   0|    8|          0|
    |p_ZZ3firPiiE9shift_reg_88       |   8|   0|    8|          0|
    |p_ZZ3firPiiE9shift_reg_89       |   8|   0|    8|          0|
    |p_ZZ3firPiiE9shift_reg_90       |   8|   0|    8|          0|
    |p_ZZ3firPiiE9shift_reg_91       |   8|   0|    8|          0|
    |p_ZZ3firPiiE9shift_reg_92       |   8|   0|    8|          0|
    |p_ZZ3firPiiE9shift_reg_93       |   8|   0|    8|          0|
    |p_ZZ3firPiiE9shift_reg_94       |   8|   0|    8|          0|
    |p_ZZ3firPiiE9shift_reg_95       |   8|   0|    8|          0|
    |p_ZZ3firPiiE9shift_reg_96       |   8|   0|    8|          0|
    |p_ZZ3firPiiE9shift_reg_97       |   8|   0|    8|          0|
    |p_ZZ3firPiiE9shift_reg_98       |   8|   0|    8|          0|
    |p_ZZ3firPiiE9shift_reg_99       |   8|   0|    8|          0|
    |add_ln840_107_reg_6599          |  64|  32|   15|          1|
    |add_ln840_115_reg_6604          |  64|  32|   15|          1|
    |add_ln840_119_reg_6609          |  64|  32|   11|          0|
    |add_ln840_25_reg_6524           |  64|  32|   11|          0|
    |add_ln840_32_reg_6529           |  64|  32|   13|          1|
    |add_ln840_36_reg_6534           |  64|  32|   14|          1|
    |add_ln840_41_reg_6539           |  64|  32|   11|          0|
    |add_ln840_47_reg_6544           |  64|  32|   13|          1|
    |add_ln840_51_reg_6549           |  64|  32|   14|          1|
    |add_ln840_56_reg_6554           |  64|  32|   11|          0|
    |add_ln840_64_reg_6559           |  64|  32|   13|          1|
    |add_ln840_68_reg_6564           |  64|  32|   14|          1|
    |add_ln840_73_reg_6569           |  64|  32|   11|          0|
    |add_ln840_79_reg_6574           |  64|  32|   13|          1|
    |add_ln840_83_reg_6579           |  64|  32|   14|          1|
    |add_ln840_88_reg_6584           |  64|  32|   11|          0|
    |add_ln840_95_reg_6589           |  64|  32|   13|          1|
    |add_ln840_99_reg_6594           |  64|  32|   14|          1|
    |add_ln840_reg_6519              |  64|  32|   16|          1|
    |lhs_22_reg_6282                 |  64|  32|    8|          0|
    +--------------------------------+----+----+-----+-----------+
    |Total                           |2894| 640| 1882|         26|
    +--------------------------------+----+----+-----+-----------+



================================================================
== Interface
================================================================
* Summary: 
+----------+-----+-----+------------+--------------+--------------+
| RTL Ports| Dir | Bits|  Protocol  | Source Object|    C Type    |
+----------+-----+-----+------------+--------------+--------------+
|ap_clk    |   in|    1|  ap_ctrl_hs|           fir|  return value|
|ap_rst    |   in|    1|  ap_ctrl_hs|           fir|  return value|
|ap_start  |   in|    1|  ap_ctrl_hs|           fir|  return value|
|ap_done   |  out|    1|  ap_ctrl_hs|           fir|  return value|
|ap_idle   |  out|    1|  ap_ctrl_hs|           fir|  return value|
|ap_ready  |  out|    1|  ap_ctrl_hs|           fir|  return value|
|y         |  out|   32|      ap_vld|             y|       pointer|
|y_ap_vld  |  out|    1|      ap_vld|             y|       pointer|
|x         |   in|   32|     ap_none|             x|        scalar|
+----------+-----+-----+------------+--------------+--------------+

